2026-09-10 20:04:14,305 INFO HTTP Request: POST https://api.lqh.ai/v1/artifacts/upload-url "HTTP/1.1 200 OK"
2026-09-10 20:04:14,683 INFO HTTP Request: PUT https://cfac49ae0b49c32e9342561d5d8c2959.r2.cloudflarestorage.com/lqh-cloud-artifacts/4e70c321-e5c6-4f8e-bf2c-32d9c2fad6bb/75e54968-cb78-428c-9278-493bf2b61ba3/72469dc4-bcee-4128-be96-658763db3793/dataset/540c24cd8541758c385406af0b57f4d5-data.parquet?X-Amz-Algorithm=AWS4-HMAC-SHA256&X-Amz-Credential=e88e0fe74d52fdae7479e599c0e8e08a%2F20260910%2Fauto%2Fs3%2Faws4_request&X-Amz-Date=20260910T200414Z&X-Amz-Expires=3600&X-Amz-SignedHeaders=host&x-id=PutObject&X-Amz-Signature=a0d6818da2209781a6a4a17ff497532ee650b81d3218f5a968f070085f012010 "HTTP/1.1 200 OK"
2026-09-10 20:04:14,784 INFO HTTP Request: POST https://api.lqh.ai/v1/artifacts/register "HTTP/1.1 201 Created"
2026-09-10 20:04:14,784 INFO published data.parquet -> 2116021d-43ec-4a64-84b4-bfdeda713d1e
2026-09-10 20:04:14,901 INFO HTTP Request: POST https://api.lqh.ai/v1/artifacts/upload-url "HTTP/1.1 200 OK"
2026-09-10 20:04:15,200 INFO HTTP Request: PUT https://cfac49ae0b49c32e9342561d5d8c2959.r2.cloudflarestorage.com/lqh-cloud-artifacts/4e70c321-e5c6-4f8e-bf2c-32d9c2fad6bb/75e54968-cb78-428c-9278-493bf2b61ba3/72469dc4-bcee-4128-be96-658763db3793/metrics/15cae9260cddb22f55244a23c64c1f24-progress.jsonl?X-Amz-Algorithm=AWS4-HMAC-SHA256&X-Amz-Credential=e88e0fe74d52fdae7479e599c0e8e08a%2F20260910%2Fauto%2Fs3%2Faws4_request&X-Amz-Date=20260910T200414Z&X-Amz-Expires=3600&X-Amz-SignedHeaders=host&x-id=PutObject&X-Amz-Signature=e6085239b9cd25ff7ce7f6a3ee24f929fb3afbf95b0790ea18decf2ab0313804 "HTTP/1.1 200 OK"
2026-09-10 20:04:15,324 INFO HTTP Request: POST https://api.lqh.ai/v1/artifacts/register "HTTP/1.1 201 Created"
2026-09-10 20:04:15,325 INFO published progress.jsonl -> 0ceda54c-f894-46cb-ac52-6d7968dccf51
2026-09-10 20:04:15,433 INFO HTTP Request: POST https://api.lqh.ai/v1/artifacts/upload-url "HTTP/1.1 200 OK"
2026-09-10 20:04:15,782 INFO HTTP Request: PUT https://cfac49ae0b49c32e9342561d5d8c2959.r2.cloudflarestorage.com/lqh-cloud-artifacts/4e70c321-e5c6-4f8e-bf2c-32d9c2fad6bb/75e54968-cb78-428c-9278-493bf2b61ba3/72469dc4-bcee-4128-be96-658763db3793/metrics/8e7c4493d77b06c90214121541d3c80d-status.json?X-Amz-Algorithm=AWS4-HMAC-SHA256&X-Amz-Credential=e88e0fe74d52fdae7479e599c0e8e08a%2F20260910%2Fauto%2Fs3%2Faws4_request&X-Amz-Date=20260910T200415Z&X-Amz-Expires=3600&X-Amz-SignedHeaders=host&x-id=PutObject&X-Amz-Signature=31bcbd4f8d0e1e739e5fe8071321d6b49bff62289abde8602d577ebcef52988d "HTTP/1.1 200 OK"
2026-09-10 20:04:15,905 INFO HTTP Request: POST https://api.lqh.ai/v1/artifacts/register "HTTP/1.1 201 Created"
2026-09-10 20:04:15,906 INFO published status.json -> ea027157-f169-4e08-bca3-d3bc2b6c2c44
2026-09-10 20:04:15,993 INFO HTTP Request: POST https://api.lqh.ai/v1/artifacts/upload-url "HTTP/1.1 200 OK"
2026-09-10 20:04:16,347 INFO HTTP Request: PUT https://cfac49ae0b49c32e9342561d5d8c2959.r2.cloudflarestorage.com/lqh-cloud-artifacts/4e70c321-e5c6-4f8e-bf2c-32d9c2fad6bb/75e54968-cb78-428c-9278-493bf2b61ba3/72469dc4-bcee-4128-be96-658763db3793/other/a502bf40dd61a0426266922b1b7318fa-config.json?X-Amz-Algorithm=AWS4-HMAC-SHA256&X-Amz-Credential=e88e0fe74d52fdae7479e599c0e8e08a%2F20260910%2Fauto%2Fs3%2Faws4_request&X-Amz-Date=20260910T200415Z&X-Amz-Expires=3600&X-Amz-SignedHeaders=host&x-id=PutObject&X-Amz-Signature=812569d814c8df0115db33a73ebf4cd07fc0cc5f0b2cb041ecbde3db7a92a63a "HTTP/1.1 200 OK"
2026-09-10 20:04:16,527 INFO HTTP Request: POST https://api.lqh.ai/v1/artifacts/register "HTTP/1.1 201 Created"
2026-09-10 20:04:16,527 INFO published config.json -> dea24873-a8e0-4fe7-bc27-5f2f755cdb2f
2026-09-10 20:04:16,693 INFO HTTP Request: POST https://api.lqh.ai/v1/artifacts/upload-url "HTTP/1.1 200 OK"
2026-09-10 20:04:17,018 INFO HTTP Request: PUT https://cfac49ae0b49c32e9342561d5d8c2959.r2.cloudflarestorage.com/lqh-cloud-artifacts/4e70c321-e5c6-4f8e-bf2c-32d9c2fad6bb/75e54968-cb78-428c-9278-493bf2b61ba3/72469dc4-bcee-4128-be96-658763db3793/logs/fda97d9a5d4fccbf9dd2fd4367a258a5-stdout.log?X-Amz-Algorithm=AWS4-HMAC-SHA256&X-Amz-Credential=e88e0fe74d52fdae7479e599c0e8e08a%2F20260910%2Fauto%2Fs3%2Faws4_request&X-Amz-Date=20260910T200416Z&X-Amz-Expires=3600&X-Amz-SignedHeaders=host&x-id=PutObject&X-Amz-Signature=336e5e17f9bc1a8c7371ef911fa304a890b2652d943250b4fc95669a69e621a6 "HTTP/1.1 200 OK"
2026-09-10 20:04:17,123 INFO HTTP Request: POST https://api.lqh.ai/v1/artifacts/register "HTTP/1.1 201 Created"
2026-09-10 20:04:17,124 INFO published logs/stdout.log -> b60f46ec-a22d-4624-841c-ef3d510c9dec
2026-09-10 20:04:17,220 INFO HTTP Request: POST https://api.lqh.ai/v1/artifacts/upload-url "HTTP/1.1 200 OK"
2026-09-10 20:04:17,604 INFO HTTP Request: PUT https://cfac49ae0b49c32e9342561d5d8c2959.r2.cloudflarestorage.com/lqh-cloud-artifacts/4e70c321-e5c6-4f8e-bf2c-32d9c2fad6bb/75e54968-cb78-428c-9278-493bf2b61ba3/72469dc4-bcee-4128-be96-658763db3793/logs/9862a5c2c971310c01edbf071e15dfda-stderr.log?X-Amz-Algorithm=AWS4-HMAC-SHA256&X-Amz-Credential=e88e0fe74d52fdae7479e599c0e8e08a%2F20260910%2Fauto%2Fs3%2Faws4_request&X-Amz-Date=20260910T200417Z&X-Amz-Expires=3600&X-Amz-SignedHeaders=host&x-id=PutObject&X-Amz-Signature=3ab835cc62dc851384a6621d8e09265fff3f08d097592a77283fbd9404a5ca6b "HTTP/1.1 200 OK"
2026-09-10 20:04:17,694 INFO HTTP Request: POST https://api.lqh.ai/v1/artifacts/register "HTTP/1.1 201 Created"
2026-09-10 20:04:17,695 INFO published logs/stderr.log -> 80739b62-9848-4b5c-ac27-a34645ccb4b5
published 6 artifacts, 0 failed
