Sample 364 failed (attempt 1/4): render dropped intent details: ['jasmine rice quantity and unit (1\u202fkg)']
Sample 15 failed (attempt 1/4): render dropped intent details: ['brand for whole grain bread (烏麥店)', 'brand for organic chicken breast (大自然)', 'brand for almond milk (福喜)', 'quantity for dishwashing liquid (1)', 'unit for dishwashing liquid (bottle)', 'brand for dishwashing liquid (漿漿清)']
Sample 51 failed (attempt 1/4): render dropped intent details: ['unsweetened almond milk: quantity 1', 'unsweetened almond milk: unit half-gallon carton', 'unsweetened almond milk: health label dairy-free', 'unsweetened almond milk: health label vegan', 'original chocolate chip cookies: quantity 1', 'original chocolate chip cookies: unit package']
Sample 607 error: APIStatusError: Error code: 405 - {'error': {'code': 405, 'message': 'request failed', 'type': 'invalid_request_error'}}
Sample 436 failed (attempt 1/4): render dropped intent details: ['low-sodium health label for Greek yogurt']
Sample 155 failed (attempt 1/4): render dropped intent details: ['quantity 1 for nacho cheese tortilla chips', 'unit bag for nacho cheese tortilla chips']
Sample 706 error: APIStatusError: Error code: 405 - {'error': {'code': 405, 'message': 'request failed', 'type': 'invalid_request_error'}}
Sample 794 error: APIStatusError: Error code: 405 - {'error': {'code': 405, 'message': 'request failed', 'type': 'invalid_request_error'}}
Sample 739 error: APIStatusError: Error code: 405 - {'error': {'code': 405, 'message': 'request failed', 'type': 'invalid_request_error'}}
Sample 90 failed (attempt 1/4): render dropped intent details: ['yogurt unit size: 32oz', 'cookies quantity: 1', 'cookies unit: family size package']
Sample 814 failed (attempt 1/4): render dropped intent details: ['Low-sodium descriptor for soy sauce', 'quantity for soy sauce', 'unit for soy sauce', 'brand for ceremonial matcha powder']
Sample 937 failed (attempt 1/4): render dropped intent details: ['cola quantity (6)', 'cola unit (cans)', 'cheddar cheese slices quantity (1)', 'cheddar cheese slices unit (package)', 'Greek yogurt quantity (4)', 'Greek yogurt unit (containers)', 'Greek yogurt health label (organic)', 'cream-filled sandwich cookies quantity (2)', 'tortilla chips quantity (1)']
Sample 393 failed (attempt 1/4): render dropped intent details: ['eggs unit: dozen']
Sample 1047 failed (attempt 1/4): render dropped intent details: ['macaroni and cheese quantity', 'macaroni and cheese unit']
Sample 909 failed (attempt 1/4): render dropped intent details: ['Vegan health label for organic black beans', 'Vegan health label for ripe avocado', 'Keto health label for ripe avocado', 'Vegan health label for gluten-free corn tortillas', 'Organic health label for fresh cilantro', 'Vegan health label for lime', 'Keto health label for lime']
Sample 1009 failed (attempt 1/4): render dropped intent details: ['blueberry flavor for yogurt', 'whole wheat for bread', 'tortilla for chips', 'quantity for almond milk', 'unit for almond milk', 'health labels (keto, dairy-free) for almond milk']
Sample 1265 error: APIStatusError: Error code: 405 - {'error': {'code': 405, 'message': 'request failed', 'type': 'invalid_request_error'}}
Sample 1207 failed (attempt 1/4): render dropped intent details: ['coke brand', 'coke unit']
Sample 1153 error: InternalServerError: upstream service unavailable, please retry
Sample 1360 error: InternalServerError: upstream service unavailable, please retry
Sample 1124 error: InternalServerError: upstream service unavailable, please retry
Sample 1192 error: InternalServerError: upstream service unavailable, please retry
Sample 1400 error: InternalServerError: upstream service unavailable, please retry
Sample 1259 error: InternalServerError: upstream service unavailable, please retry
Sample 1172 error: InternalServerError: upstream service unavailable, please retry
Sample 1550 error: InternalServerError: Error code: 504 - {'type': 'https://developers.cloudflare.com/support/troubleshooting/http-status-codes/cloudflare-5xx-errors/error-504/', 'title': 'Error 504: Gateway time-out', 'status': 504, 'detail': 'The origin web server did not respond to Cloudflare within the allowed time. This typically means the origin is overloaded or a backend process is taking too long.', 'instance': 'a3902c82af411b58', 'error_code': 504, 'error_name': 'origin_gateway_timeout', 'error_category': 'origin', 'ray_id': 'a3902c82af411b58', 'timestamp': '2026-09-10T17:32:56Z', 'zone': 'api.lqh.ai', 'cloudflare_error': True, 'retryable': True, 'retry_after': 120, 'owner_action_required': True, 'what_you_should_do': '**Wait and retry.** Back off for at least 120 seconds. If the error persists, the website operator should investigate long-running processes on the origin server.', 'footer': 'This error was generated by Cloudflare on behalf of the website owner.'}
Sample 1549 error: InternalServerError: Error code: 504 - {'type': 'https://developers.cloudflare.com/support/troubleshooting/http-status-codes/cloudflare-5xx-errors/error-504/', 'title': 'Error 504: Gateway time-out', 'status': 504, 'detail': 'The origin web server did not respond to Cloudflare within the allowed time. This typically means the origin is overloaded or a backend process is taking too long.', 'instance': 'a3902c8ca8e9e8a3', 'error_code': 504, 'error_name': 'origin_gateway_timeout', 'error_category': 'origin', 'ray_id': 'a3902c8ca8e9e8a3', 'timestamp': '2026-09-10T17:32:58Z', 'zone': 'api.lqh.ai', 'cloudflare_error': True, 'retryable': True, 'retry_after': 120, 'owner_action_required': True, 'what_you_should_do': '**Wait and retry.** Back off for at least 120 seconds. If the error persists, the website operator should investigate long-running processes on the origin server.', 'footer': 'This error was generated by Cloudflare on behalf of the website owner.'}
Sample 1379 error: InternalServerError: upstream service unavailable, please retry
Sample 550 error: InternalServerError: upstream service unavailable, please retry
Sample 555 error: InternalServerError: upstream service unavailable, please retry
Sample 1416 error: InternalServerError: upstream service unavailable, please retry
Sample 919 error: InternalServerError: upstream service unavailable, please retry
Sample 1308 error: InternalServerError: upstream service unavailable, please retry
Sample 1223 error: InternalServerError: upstream service unavailable, please retry
Sample 457 error: InternalServerError: upstream service unavailable, please retry
Sample 1021 error: InternalServerError: upstream service unavailable, please retry
Sample 945 error: InternalServerError: upstream service unavailable, please retry
Sample 1328 error: InternalServerError: upstream service unavailable, please retry
Sample 1272 error: InternalServerError: upstream service unavailable, please retry
Sample 838 error: InternalServerError: upstream service unavailable, please retry
Sample 978 error: InternalServerError: upstream service unavailable, please retry
Sample 1669 failed (attempt 1/4): render dropped intent details: ['sourdough bread quantity 1', 'sourdough bread unit loaf']
Sample 1879 failed (attempt 1/4): render dropped intent details: ['quantity and unit for wholemeal bread (1 loaf)', 'quantity and unit for free-range eggs (12 dozen)', 'quantity and unit for bananas (1 bunch)', 'quantity and unit for reduced-fat milk (1 gallon)', 'health label "free-range" for eggs', 'health label "reduced-fat" for milk']
Sample 1699 failed (attempt 1/4): render dropped intent details: ['Milk quantity 1 litre not specified']
2026-09-10 17:35:38,077 INFO HTTP Request: POST https://api.lqh.ai/v1/artifacts/upload-url "HTTP/1.1 200 OK"
2026-09-10 17:35:38,580 INFO HTTP Request: PUT https://cfac49ae0b49c32e9342561d5d8c2959.r2.cloudflarestorage.com/lqh-cloud-artifacts/4e70c321-e5c6-4f8e-bf2c-32d9c2fad6bb/75e54968-cb78-428c-9278-493bf2b61ba3/04bfb443-a7ab-4256-8572-59c20c6794b1/dataset/331a9e66d75541a779ae2c3107399fd8-data.parquet?X-Amz-Algorithm=AWS4-HMAC-SHA256&X-Amz-Credential=e88e0fe74d52fdae7479e599c0e8e08a%2F20260910%2Fauto%2Fs3%2Faws4_request&X-Amz-Date=20260910T173538Z&X-Amz-Expires=3600&X-Amz-SignedHeaders=host&x-id=PutObject&X-Amz-Signature=8590e3a87e389951f9dadf474e043cf2b17937eae6d57379b4908454b8d613d7 "HTTP/1.1 200 OK"
2026-09-10 17:35:38,730 INFO HTTP Request: POST https://api.lqh.ai/v1/artifacts/register "HTTP/1.1 201 Created"
2026-09-10 17:35:38,731 INFO published data.parquet -> 1b66141f-3ea8-421b-bec9-3886f6fac08e
2026-09-10 17:35:38,767 INFO HTTP Request: POST https://api.lqh.ai/v1/artifacts/upload-url "HTTP/1.1 200 OK"
2026-09-10 17:35:39,081 INFO HTTP Request: PUT https://cfac49ae0b49c32e9342561d5d8c2959.r2.cloudflarestorage.com/lqh-cloud-artifacts/4e70c321-e5c6-4f8e-bf2c-32d9c2fad6bb/75e54968-cb78-428c-9278-493bf2b61ba3/04bfb443-a7ab-4256-8572-59c20c6794b1/metrics/6b0798b242f0378ecf0f99790ae16d41-progress.jsonl?X-Amz-Algorithm=AWS4-HMAC-SHA256&X-Amz-Credential=e88e0fe74d52fdae7479e599c0e8e08a%2F20260910%2Fauto%2Fs3%2Faws4_request&X-Amz-Date=20260910T173538Z&X-Amz-Expires=3600&X-Amz-SignedHeaders=host&x-id=PutObject&X-Amz-Signature=0c6ab892e2f053f91fb51f8a2b582c196e4352a9c41a96df5a765d63ee7a0dfd "HTTP/1.1 200 OK"
2026-09-10 17:35:39,181 INFO HTTP Request: POST https://api.lqh.ai/v1/artifacts/register "HTTP/1.1 201 Created"
2026-09-10 17:35:39,182 INFO published progress.jsonl -> 9aab9131-3bcf-4618-be77-13a2f7ee833d
2026-09-10 17:35:39,247 INFO HTTP Request: POST https://api.lqh.ai/v1/artifacts/upload-url "HTTP/1.1 200 OK"
2026-09-10 17:35:39,834 INFO HTTP Request: PUT https://cfac49ae0b49c32e9342561d5d8c2959.r2.cloudflarestorage.com/lqh-cloud-artifacts/4e70c321-e5c6-4f8e-bf2c-32d9c2fad6bb/75e54968-cb78-428c-9278-493bf2b61ba3/04bfb443-a7ab-4256-8572-59c20c6794b1/metrics/01bbf61fc70f7ec46f029d48e88a9737-status.json?X-Amz-Algorithm=AWS4-HMAC-SHA256&X-Amz-Credential=e88e0fe74d52fdae7479e599c0e8e08a%2F20260910%2Fauto%2Fs3%2Faws4_request&X-Amz-Date=20260910T173539Z&X-Amz-Expires=3600&X-Amz-SignedHeaders=host&x-id=PutObject&X-Amz-Signature=d02cd1f29d885c1da9b7c3371f549ad63d6cf2b996af68aa6f470cc2c045312b "HTTP/1.1 200 OK"
2026-09-10 17:35:39,924 INFO HTTP Request: POST https://api.lqh.ai/v1/artifacts/register "HTTP/1.1 201 Created"
2026-09-10 17:35:39,925 INFO published status.json -> fe1b6f1c-9f6f-4b04-a925-7193c16b32bb
2026-09-10 17:35:39,970 INFO HTTP Request: POST https://api.lqh.ai/v1/artifacts/upload-url "HTTP/1.1 200 OK"
2026-09-10 17:35:40,803 INFO HTTP Request: PUT https://cfac49ae0b49c32e9342561d5d8c2959.r2.cloudflarestorage.com/lqh-cloud-artifacts/4e70c321-e5c6-4f8e-bf2c-32d9c2fad6bb/75e54968-cb78-428c-9278-493bf2b61ba3/04bfb443-a7ab-4256-8572-59c20c6794b1/other/ce042e499c2ec53443a226be777275a6-config.json?X-Amz-Algorithm=AWS4-HMAC-SHA256&X-Amz-Credential=e88e0fe74d52fdae7479e599c0e8e08a%2F20260910%2Fauto%2Fs3%2Faws4_request&X-Amz-Date=20260910T173539Z&X-Amz-Expires=3600&X-Amz-SignedHeaders=host&x-id=PutObject&X-Amz-Signature=3b240d49080c5fcc09256c0ec6e4a01c8fb5ebde1a07a53142d631fae0ab75c9 "HTTP/1.1 200 OK"
2026-09-10 17:35:40,901 INFO HTTP Request: POST https://api.lqh.ai/v1/artifacts/register "HTTP/1.1 201 Created"
2026-09-10 17:35:40,901 INFO published config.json -> 9a2ea6a8-4daf-4926-8216-5e2b7421ca80
2026-09-10 17:35:40,958 INFO HTTP Request: POST https://api.lqh.ai/v1/artifacts/upload-url "HTTP/1.1 200 OK"
2026-09-10 17:35:41,363 INFO HTTP Request: PUT https://cfac49ae0b49c32e9342561d5d8c2959.r2.cloudflarestorage.com/lqh-cloud-artifacts/4e70c321-e5c6-4f8e-bf2c-32d9c2fad6bb/75e54968-cb78-428c-9278-493bf2b61ba3/04bfb443-a7ab-4256-8572-59c20c6794b1/logs/511b6b81e67fbe3ffcb37d37b5e20fcc-stdout.log?X-Amz-Algorithm=AWS4-HMAC-SHA256&X-Amz-Credential=e88e0fe74d52fdae7479e599c0e8e08a%2F20260910%2Fauto%2Fs3%2Faws4_request&X-Amz-Date=20260910T173540Z&X-Amz-Expires=3600&X-Amz-SignedHeaders=host&x-id=PutObject&X-Amz-Signature=578a8cad38e49fda6a5c6596d47a129aeed59cecbd75388a6ec6e29e46f1c7e8 "HTTP/1.1 200 OK"
2026-09-10 17:35:41,502 INFO HTTP Request: POST https://api.lqh.ai/v1/artifacts/register "HTTP/1.1 201 Created"
2026-09-10 17:35:41,503 INFO published logs/stdout.log -> 2f44e25f-b814-47af-a7bc-018dd562eb29
2026-09-10 17:35:41,549 INFO HTTP Request: POST https://api.lqh.ai/v1/artifacts/upload-url "HTTP/1.1 200 OK"
2026-09-10 17:35:41,835 INFO HTTP Request: PUT https://cfac49ae0b49c32e9342561d5d8c2959.r2.cloudflarestorage.com/lqh-cloud-artifacts/4e70c321-e5c6-4f8e-bf2c-32d9c2fad6bb/75e54968-cb78-428c-9278-493bf2b61ba3/04bfb443-a7ab-4256-8572-59c20c6794b1/logs/10edd96aba15b3b2507ab55152a9aaa3-stderr.log?X-Amz-Algorithm=AWS4-HMAC-SHA256&X-Amz-Credential=e88e0fe74d52fdae7479e599c0e8e08a%2F20260910%2Fauto%2Fs3%2Faws4_request&X-Amz-Date=20260910T173541Z&X-Amz-Expires=3600&X-Amz-SignedHeaders=host&x-id=PutObject&X-Amz-Signature=54d60b6e6111ee1664e02d00e498394bd9bf877eec07bfaa9c6b895fc2c5b219 "HTTP/1.1 200 OK"
2026-09-10 17:35:41,910 INFO HTTP Request: POST https://api.lqh.ai/v1/artifacts/register "HTTP/1.1 201 Created"
2026-09-10 17:35:41,910 INFO published logs/stderr.log -> e48cdd16-d293-4b50-83d8-45ab965a2426
published 6 artifacts, 0 failed
