/usr/local/lib/python3.12/dist-packages/huggingface_hub/constants.py:299: FutureWarning: The `HF_HUB_ENABLE_HF_TRANSFER` environment variable is deprecated as 'hf_transfer' is not used anymore. Please use `HF_XET_HIGH_PERFORMANCE` instead to enable high performance transfer with Xet. Visit https://huggingface.co/docs/huggingface_hub/package_reference/environment_variables#hfxethighperformance for more details.
  warnings.warn(
Fetching 11 files:   0%|          | 0/11 [00:00<?, ?it/s]Fetching 11 files:   9%|▉         | 1/11 [00:00<00:06,  1.61it/s]Fetching 11 files:  27%|██▋       | 3/11 [00:00<00:01,  4.86it/s]Fetching 11 files:  73%|███████▎  | 8/11 [00:01<00:00,  8.00it/s]Fetching 11 files:  91%|█████████ | 10/11 [00:01<00:00,  9.23it/s]Fetching 11 files:  91%|█████████ | 10/11 [00:19<00:00,  9.23it/s]Fetching 11 files: 100%|██████████| 11/11 [00:21<00:00,  3.63s/it]Fetching 11 files: 100%|██████████| 11/11 [00:21<00:00,  1.98s/it]
run_scoring: sample 86 attempt 1/2 failed: Connection error.
Scoring timed out for sample 86 after 120.0s
2026-09-10 17:18:26,277 INFO HTTP Request: POST https://api.lqh.ai/v1/artifacts/upload-url "HTTP/1.1 200 OK"
2026-09-10 17:18:27,047 INFO HTTP Request: PUT https://cfac49ae0b49c32e9342561d5d8c2959.r2.cloudflarestorage.com/lqh-cloud-artifacts/4e70c321-e5c6-4f8e-bf2c-32d9c2fad6bb/75e54968-cb78-428c-9278-493bf2b61ba3/932a0fb1-7780-4a33-945a-f47da6ddd5aa/metrics/f16b998ba446cd6831b70cd76ee6d6fc-progress.jsonl?X-Amz-Algorithm=AWS4-HMAC-SHA256&X-Amz-Credential=e88e0fe74d52fdae7479e599c0e8e08a%2F20260910%2Fauto%2Fs3%2Faws4_request&X-Amz-Date=20260910T171826Z&X-Amz-Expires=3600&X-Amz-SignedHeaders=host&x-id=PutObject&X-Amz-Signature=b517e79a333d21c57bb521e6c4f2dd960f1d3ac0348d1fd7bb6238cfd7273aa0 "HTTP/1.1 200 OK"
2026-09-10 17:18:27,504 INFO HTTP Request: POST https://api.lqh.ai/v1/artifacts/register "HTTP/1.1 201 Created"
2026-09-10 17:18:27,506 INFO published progress.jsonl -> 03d773dc-06b7-46d4-8854-fe953b12166a
2026-09-10 17:18:27,751 INFO HTTP Request: POST https://api.lqh.ai/v1/artifacts/upload-url "HTTP/1.1 200 OK"
2026-09-10 17:18:28,597 INFO HTTP Request: PUT https://cfac49ae0b49c32e9342561d5d8c2959.r2.cloudflarestorage.com/lqh-cloud-artifacts/4e70c321-e5c6-4f8e-bf2c-32d9c2fad6bb/75e54968-cb78-428c-9278-493bf2b61ba3/932a0fb1-7780-4a33-945a-f47da6ddd5aa/eval_result/10df6b9ce9bab7fab4d9c4e3680c2d4a-eval_request.json?X-Amz-Algorithm=AWS4-HMAC-SHA256&X-Amz-Credential=e88e0fe74d52fdae7479e599c0e8e08a%2F20260910%2Fauto%2Fs3%2Faws4_request&X-Amz-Date=20260910T171827Z&X-Amz-Expires=3600&X-Amz-SignedHeaders=host&x-id=PutObject&X-Amz-Signature=594c72cc72686572f6c402a5f681b8fb4710185ae4df5bdcf686af9b0a334e6c "HTTP/1.1 200 OK"
2026-09-10 17:18:28,892 INFO HTTP Request: POST https://api.lqh.ai/v1/artifacts/register "HTTP/1.1 201 Created"
2026-09-10 17:18:28,893 INFO published eval_request.json -> 2af64c52-5598-491d-8b38-8bf8d3e4e732
2026-09-10 17:18:29,140 INFO HTTP Request: POST https://api.lqh.ai/v1/artifacts/upload-url "HTTP/1.1 200 OK"
2026-09-10 17:18:30,191 INFO HTTP Request: PUT https://cfac49ae0b49c32e9342561d5d8c2959.r2.cloudflarestorage.com/lqh-cloud-artifacts/4e70c321-e5c6-4f8e-bf2c-32d9c2fad6bb/75e54968-cb78-428c-9278-493bf2b61ba3/932a0fb1-7780-4a33-945a-f47da6ddd5aa/eval_result/387852d8a84e33722ef2a13ce894ff26-eval_result.json?X-Amz-Algorithm=AWS4-HMAC-SHA256&X-Amz-Credential=e88e0fe74d52fdae7479e599c0e8e08a%2F20260910%2Fauto%2Fs3%2Faws4_request&X-Amz-Date=20260910T171829Z&X-Amz-Expires=3600&X-Amz-SignedHeaders=host&x-id=PutObject&X-Amz-Signature=0a43859297f86d03c8c68cfc7b002be5cffc9885ac7b7a1ba3310102deb1dc65 "HTTP/1.1 200 OK"
2026-09-10 17:18:30,499 INFO HTTP Request: POST https://api.lqh.ai/v1/artifacts/register "HTTP/1.1 201 Created"
2026-09-10 17:18:30,500 INFO published eval_result.json -> f593d89b-aa09-46c1-98e4-5e6be6148c6f
2026-09-10 17:18:31,116 INFO HTTP Request: POST https://api.lqh.ai/v1/artifacts/upload-url "HTTP/1.1 200 OK"
2026-09-10 17:18:32,134 INFO HTTP Request: PUT https://cfac49ae0b49c32e9342561d5d8c2959.r2.cloudflarestorage.com/lqh-cloud-artifacts/4e70c321-e5c6-4f8e-bf2c-32d9c2fad6bb/75e54968-cb78-428c-9278-493bf2b61ba3/932a0fb1-7780-4a33-945a-f47da6ddd5aa/predictions/9ce490d04a2c0d9e4204cd482ec6f0f2-results.parquet?X-Amz-Algorithm=AWS4-HMAC-SHA256&X-Amz-Credential=e88e0fe74d52fdae7479e599c0e8e08a%2F20260910%2Fauto%2Fs3%2Faws4_request&X-Amz-Date=20260910T171831Z&X-Amz-Expires=3600&X-Amz-SignedHeaders=host&x-id=PutObject&X-Amz-Signature=82860e9afe3944da181b5fd9ff1391d257f2b991976d572693cca95eb9938fd6 "HTTP/1.1 200 OK"
2026-09-10 17:18:32,416 INFO HTTP Request: POST https://api.lqh.ai/v1/artifacts/register "HTTP/1.1 201 Created"
2026-09-10 17:18:32,418 INFO published results.parquet -> 277ccf08-f6f8-441a-abcc-908ae53b7838
2026-09-10 17:18:32,667 INFO HTTP Request: POST https://api.lqh.ai/v1/artifacts/upload-url "HTTP/1.1 200 OK"
2026-09-10 17:18:33,461 INFO HTTP Request: PUT https://cfac49ae0b49c32e9342561d5d8c2959.r2.cloudflarestorage.com/lqh-cloud-artifacts/4e70c321-e5c6-4f8e-bf2c-32d9c2fad6bb/75e54968-cb78-428c-9278-493bf2b61ba3/932a0fb1-7780-4a33-945a-f47da6ddd5aa/predictions/c405909b24f2275968548c81fb3451b5-predictions.parquet?X-Amz-Algorithm=AWS4-HMAC-SHA256&X-Amz-Credential=e88e0fe74d52fdae7479e599c0e8e08a%2F20260910%2Fauto%2Fs3%2Faws4_request&X-Amz-Date=20260910T171832Z&X-Amz-Expires=3600&X-Amz-SignedHeaders=host&x-id=PutObject&X-Amz-Signature=c9bc9d08115e260aca16cc69e9410de70ce8803f4c0c9e5c118029bc5e216654 "HTTP/1.1 200 OK"
2026-09-10 17:18:33,749 INFO HTTP Request: POST https://api.lqh.ai/v1/artifacts/register "HTTP/1.1 201 Created"
2026-09-10 17:18:33,751 INFO published predictions.parquet -> 416d01dd-97ab-4536-b605-9e939add198a
2026-09-10 17:18:33,977 INFO HTTP Request: POST https://api.lqh.ai/v1/artifacts/upload-url "HTTP/1.1 200 OK"
2026-09-10 17:18:34,708 INFO HTTP Request: PUT https://cfac49ae0b49c32e9342561d5d8c2959.r2.cloudflarestorage.com/lqh-cloud-artifacts/4e70c321-e5c6-4f8e-bf2c-32d9c2fad6bb/75e54968-cb78-428c-9278-493bf2b61ba3/932a0fb1-7780-4a33-945a-f47da6ddd5aa/other/222a567076fd38afcec57639fdaeb10b-config.json?X-Amz-Algorithm=AWS4-HMAC-SHA256&X-Amz-Credential=e88e0fe74d52fdae7479e599c0e8e08a%2F20260910%2Fauto%2Fs3%2Faws4_request&X-Amz-Date=20260910T171833Z&X-Amz-Expires=3600&X-Amz-SignedHeaders=host&x-id=PutObject&X-Amz-Signature=cd03a6e08e872d14b7bcd7ce6d7904a85a899e911cd24c44f6af1ce61d96720f "HTTP/1.1 200 OK"
2026-09-10 17:18:34,977 INFO HTTP Request: POST https://api.lqh.ai/v1/artifacts/register "HTTP/1.1 201 Created"
2026-09-10 17:18:34,978 INFO published config.json -> bb7e4848-cf40-47f2-93f3-d2953acee31b
2026-09-10 17:18:35,222 INFO HTTP Request: POST https://api.lqh.ai/v1/artifacts/upload-url "HTTP/1.1 200 OK"
2026-09-10 17:18:36,030 INFO HTTP Request: PUT https://cfac49ae0b49c32e9342561d5d8c2959.r2.cloudflarestorage.com/lqh-cloud-artifacts/4e70c321-e5c6-4f8e-bf2c-32d9c2fad6bb/75e54968-cb78-428c-9278-493bf2b61ba3/932a0fb1-7780-4a33-945a-f47da6ddd5aa/logs/c58b2edad6e6f337f1f5fd402585ba72-stdout.log?X-Amz-Algorithm=AWS4-HMAC-SHA256&X-Amz-Credential=e88e0fe74d52fdae7479e599c0e8e08a%2F20260910%2Fauto%2Fs3%2Faws4_request&X-Amz-Date=20260910T171835Z&X-Amz-Expires=3600&X-Amz-SignedHeaders=host&x-id=PutObject&X-Amz-Signature=5c7d784ec70e935b1b143f8f19ad982037f7393f8d3884f44b7e0d3007b9f05c "HTTP/1.1 200 OK"
2026-09-10 17:18:36,313 INFO HTTP Request: POST https://api.lqh.ai/v1/artifacts/register "HTTP/1.1 201 Created"
2026-09-10 17:18:36,314 INFO published logs/stdout.log -> 8a8c7066-cdf4-483a-b99c-9472513b61cb
2026-09-10 17:18:36,542 INFO HTTP Request: POST https://api.lqh.ai/v1/artifacts/upload-url "HTTP/1.1 200 OK"
2026-09-10 17:18:37,251 INFO HTTP Request: PUT https://cfac49ae0b49c32e9342561d5d8c2959.r2.cloudflarestorage.com/lqh-cloud-artifacts/4e70c321-e5c6-4f8e-bf2c-32d9c2fad6bb/75e54968-cb78-428c-9278-493bf2b61ba3/932a0fb1-7780-4a33-945a-f47da6ddd5aa/logs/7e01ade81dbf96c0542286bf47949f2f-stderr.log?X-Amz-Algorithm=AWS4-HMAC-SHA256&X-Amz-Credential=e88e0fe74d52fdae7479e599c0e8e08a%2F20260910%2Fauto%2Fs3%2Faws4_request&X-Amz-Date=20260910T171836Z&X-Amz-Expires=3600&X-Amz-SignedHeaders=host&x-id=PutObject&X-Amz-Signature=ed8b69d5663be83aecaef188a3138464092036b266c19ebd610a3f17b8b6ee00 "HTTP/1.1 200 OK"
2026-09-10 17:18:37,614 INFO HTTP Request: POST https://api.lqh.ai/v1/artifacts/register "HTTP/1.1 201 Created"
2026-09-10 17:18:37,616 INFO published logs/stderr.log -> 249b29e3-1600-4f50-a6b5-918a0ff3604d
published 8 artifacts, 0 failed
