/usr/local/lib/python3.12/dist-packages/huggingface_hub/constants.py:299: FutureWarning: The `HF_HUB_ENABLE_HF_TRANSFER` environment variable is deprecated as 'hf_transfer' is not used anymore. Please use `HF_XET_HIGH_PERFORMANCE` instead to enable high performance transfer with Xet. Visit https://huggingface.co/docs/huggingface_hub/package_reference/environment_variables#hfxethighperformance for more details.
  warnings.warn(
Fetching 13 files:   0%|          | 0/13 [00:00<?, ?it/s]Fetching 13 files:   8%|▊         | 1/13 [00:00<00:11,  1.03it/s]Fetching 13 files:  15%|█▌        | 2/13 [00:01<00:07,  1.42it/s]Fetching 13 files:  38%|███▊      | 5/13 [00:01<00:01,  4.36it/s]Fetching 13 files:  69%|██████▉   | 9/13 [00:01<00:00,  6.98it/s]Fetching 13 files:  85%|████████▍ | 11/13 [00:02<00:00,  5.19it/s]Fetching 13 files:  92%|█████████▏| 12/13 [00:03<00:00,  2.83it/s]Fetching 13 files: 100%|██████████| 13/13 [00:14<00:00,  2.34s/it]Fetching 13 files: 100%|██████████| 13/13 [00:14<00:00,  1.08s/it]
Scoring timed out for sample 83 after 120.0s
2026-09-10 17:20:10,560 INFO HTTP Request: POST https://api.lqh.ai/v1/artifacts/upload-url "HTTP/1.1 200 OK"
2026-09-10 17:20:11,489 INFO HTTP Request: PUT https://cfac49ae0b49c32e9342561d5d8c2959.r2.cloudflarestorage.com/lqh-cloud-artifacts/4e70c321-e5c6-4f8e-bf2c-32d9c2fad6bb/75e54968-cb78-428c-9278-493bf2b61ba3/bcfd7d79-da54-4c9c-a886-85e5f694fd05/metrics/438df027a7bcc3c5f5ab65187a703705-progress.jsonl?X-Amz-Algorithm=AWS4-HMAC-SHA256&X-Amz-Credential=e88e0fe74d52fdae7479e599c0e8e08a%2F20260910%2Fauto%2Fs3%2Faws4_request&X-Amz-Date=20260910T172010Z&X-Amz-Expires=3600&X-Amz-SignedHeaders=host&x-id=PutObject&X-Amz-Signature=7bf1dbedfddbf4fb38385f474b704492262a8d837eb949c4cb8b1fd289295ec9 "HTTP/1.1 200 OK"
2026-09-10 17:20:11,822 INFO HTTP Request: POST https://api.lqh.ai/v1/artifacts/register "HTTP/1.1 201 Created"
2026-09-10 17:20:11,824 INFO published progress.jsonl -> 01dee0e5-bd88-4406-8db0-7ef582baf705
2026-09-10 17:20:12,119 INFO HTTP Request: POST https://api.lqh.ai/v1/artifacts/upload-url "HTTP/1.1 200 OK"
2026-09-10 17:20:13,263 INFO HTTP Request: PUT https://cfac49ae0b49c32e9342561d5d8c2959.r2.cloudflarestorage.com/lqh-cloud-artifacts/4e70c321-e5c6-4f8e-bf2c-32d9c2fad6bb/75e54968-cb78-428c-9278-493bf2b61ba3/bcfd7d79-da54-4c9c-a886-85e5f694fd05/eval_result/7b8436a55a7bbbc0e27fc78c4ba01052-eval_request.json?X-Amz-Algorithm=AWS4-HMAC-SHA256&X-Amz-Credential=e88e0fe74d52fdae7479e599c0e8e08a%2F20260910%2Fauto%2Fs3%2Faws4_request&X-Amz-Date=20260910T172011Z&X-Amz-Expires=3600&X-Amz-SignedHeaders=host&x-id=PutObject&X-Amz-Signature=3d14c1cddfd153fb6b516e9d917967c73a441f042db843613cf5e97743ee2609 "HTTP/1.1 200 OK"
2026-09-10 17:20:13,638 INFO HTTP Request: POST https://api.lqh.ai/v1/artifacts/register "HTTP/1.1 201 Created"
2026-09-10 17:20:13,640 INFO published eval_request.json -> 11612b13-418d-49db-8fe3-891b55bd646b
2026-09-10 17:20:14,408 INFO HTTP Request: POST https://api.lqh.ai/v1/artifacts/upload-url "HTTP/1.1 200 OK"
2026-09-10 17:20:15,985 INFO HTTP Request: PUT https://cfac49ae0b49c32e9342561d5d8c2959.r2.cloudflarestorage.com/lqh-cloud-artifacts/4e70c321-e5c6-4f8e-bf2c-32d9c2fad6bb/75e54968-cb78-428c-9278-493bf2b61ba3/bcfd7d79-da54-4c9c-a886-85e5f694fd05/eval_result/3265a2582b32ce3eefd468319c341a4d-eval_result.json?X-Amz-Algorithm=AWS4-HMAC-SHA256&X-Amz-Credential=e88e0fe74d52fdae7479e599c0e8e08a%2F20260910%2Fauto%2Fs3%2Faws4_request&X-Amz-Date=20260910T172014Z&X-Amz-Expires=3600&X-Amz-SignedHeaders=host&x-id=PutObject&X-Amz-Signature=dad8cb1c936701839bea05fa41d1f80a40d4d1a6ed2dc6a983ccc5f40e5ba261 "HTTP/1.1 200 OK"
2026-09-10 17:20:16,992 INFO HTTP Request: POST https://api.lqh.ai/v1/artifacts/register "HTTP/1.1 201 Created"
2026-09-10 17:20:16,994 INFO published eval_result.json -> 314d5665-ffb9-4029-bb23-af5d4cb94091
2026-09-10 17:20:17,759 INFO HTTP Request: POST https://api.lqh.ai/v1/artifacts/upload-url "HTTP/1.1 200 OK"
2026-09-10 17:20:19,001 INFO HTTP Request: PUT https://cfac49ae0b49c32e9342561d5d8c2959.r2.cloudflarestorage.com/lqh-cloud-artifacts/4e70c321-e5c6-4f8e-bf2c-32d9c2fad6bb/75e54968-cb78-428c-9278-493bf2b61ba3/bcfd7d79-da54-4c9c-a886-85e5f694fd05/predictions/911a1e573a17bb8b30e22642e5f227be-results.parquet?X-Amz-Algorithm=AWS4-HMAC-SHA256&X-Amz-Credential=e88e0fe74d52fdae7479e599c0e8e08a%2F20260910%2Fauto%2Fs3%2Faws4_request&X-Amz-Date=20260910T172017Z&X-Amz-Expires=3600&X-Amz-SignedHeaders=host&x-id=PutObject&X-Amz-Signature=3c506906edad1c8858cf1a5a871c239882586aa0828452aa2de9b63206eaea59 "HTTP/1.1 200 OK"
2026-09-10 17:20:19,312 INFO HTTP Request: POST https://api.lqh.ai/v1/artifacts/register "HTTP/1.1 201 Created"
2026-09-10 17:20:19,313 INFO published results.parquet -> bc86b14b-327a-448c-aaa4-0775ce52d8e3
2026-09-10 17:20:19,586 INFO HTTP Request: POST https://api.lqh.ai/v1/artifacts/upload-url "HTTP/1.1 200 OK"
2026-09-10 17:20:20,760 INFO HTTP Request: PUT https://cfac49ae0b49c32e9342561d5d8c2959.r2.cloudflarestorage.com/lqh-cloud-artifacts/4e70c321-e5c6-4f8e-bf2c-32d9c2fad6bb/75e54968-cb78-428c-9278-493bf2b61ba3/bcfd7d79-da54-4c9c-a886-85e5f694fd05/predictions/2092e163cd9c6eaf43499f2b4f468d55-predictions.parquet?X-Amz-Algorithm=AWS4-HMAC-SHA256&X-Amz-Credential=e88e0fe74d52fdae7479e599c0e8e08a%2F20260910%2Fauto%2Fs3%2Faws4_request&X-Amz-Date=20260910T172019Z&X-Amz-Expires=3600&X-Amz-SignedHeaders=host&x-id=PutObject&X-Amz-Signature=30586962a5548e60eda573559c4b667f25700971e33260d0652ebba0eaaa2905 "HTTP/1.1 200 OK"
2026-09-10 17:20:21,094 INFO HTTP Request: POST https://api.lqh.ai/v1/artifacts/register "HTTP/1.1 201 Created"
2026-09-10 17:20:21,095 INFO published predictions.parquet -> 5ae0954f-d3d4-44a2-9464-62f39cc738fc
2026-09-10 17:20:21,365 INFO HTTP Request: POST https://api.lqh.ai/v1/artifacts/upload-url "HTTP/1.1 200 OK"
2026-09-10 17:20:22,453 INFO HTTP Request: PUT https://cfac49ae0b49c32e9342561d5d8c2959.r2.cloudflarestorage.com/lqh-cloud-artifacts/4e70c321-e5c6-4f8e-bf2c-32d9c2fad6bb/75e54968-cb78-428c-9278-493bf2b61ba3/bcfd7d79-da54-4c9c-a886-85e5f694fd05/other/cf14087b299ca7e4ea2448b8c8704986-config.json?X-Amz-Algorithm=AWS4-HMAC-SHA256&X-Amz-Credential=e88e0fe74d52fdae7479e599c0e8e08a%2F20260910%2Fauto%2Fs3%2Faws4_request&X-Amz-Date=20260910T172021Z&X-Amz-Expires=3600&X-Amz-SignedHeaders=host&x-id=PutObject&X-Amz-Signature=12a134e8347cd8cef2ec0eb8a9a64d3ad2da25dcad1b3498a8fe199e7ee93ad0 "HTTP/1.1 200 OK"
2026-09-10 17:20:22,762 INFO HTTP Request: POST https://api.lqh.ai/v1/artifacts/register "HTTP/1.1 201 Created"
2026-09-10 17:20:22,763 INFO published config.json -> 4fa6585a-8799-4464-9340-72586ce61142
2026-09-10 17:20:23,040 INFO HTTP Request: POST https://api.lqh.ai/v1/artifacts/upload-url "HTTP/1.1 200 OK"
2026-09-10 17:20:23,979 INFO HTTP Request: PUT https://cfac49ae0b49c32e9342561d5d8c2959.r2.cloudflarestorage.com/lqh-cloud-artifacts/4e70c321-e5c6-4f8e-bf2c-32d9c2fad6bb/75e54968-cb78-428c-9278-493bf2b61ba3/bcfd7d79-da54-4c9c-a886-85e5f694fd05/logs/98d98fa286bf568d176ef4f467bc82f9-stdout.log?X-Amz-Algorithm=AWS4-HMAC-SHA256&X-Amz-Credential=e88e0fe74d52fdae7479e599c0e8e08a%2F20260910%2Fauto%2Fs3%2Faws4_request&X-Amz-Date=20260910T172022Z&X-Amz-Expires=3600&X-Amz-SignedHeaders=host&x-id=PutObject&X-Amz-Signature=1c4150094c2fe5f14f1929f90d1cf155a05451c35eee6a10b29273530976fad9 "HTTP/1.1 200 OK"
2026-09-10 17:20:24,303 INFO HTTP Request: POST https://api.lqh.ai/v1/artifacts/register "HTTP/1.1 201 Created"
2026-09-10 17:20:24,304 INFO published logs/stdout.log -> daec7b61-a0a9-480d-89b4-808f84f89232
2026-09-10 17:20:24,595 INFO HTTP Request: POST https://api.lqh.ai/v1/artifacts/upload-url "HTTP/1.1 200 OK"
2026-09-10 17:20:25,874 INFO HTTP Request: PUT https://cfac49ae0b49c32e9342561d5d8c2959.r2.cloudflarestorage.com/lqh-cloud-artifacts/4e70c321-e5c6-4f8e-bf2c-32d9c2fad6bb/75e54968-cb78-428c-9278-493bf2b61ba3/bcfd7d79-da54-4c9c-a886-85e5f694fd05/logs/44e36bc781f46462bdf30759dfe69d4d-stderr.log?X-Amz-Algorithm=AWS4-HMAC-SHA256&X-Amz-Credential=e88e0fe74d52fdae7479e599c0e8e08a%2F20260910%2Fauto%2Fs3%2Faws4_request&X-Amz-Date=20260910T172024Z&X-Amz-Expires=3600&X-Amz-SignedHeaders=host&x-id=PutObject&X-Amz-Signature=2a5e998603717135cb9401f08e693b0e681e28f40cc71bdc42712ced8dcb1da0 "HTTP/1.1 200 OK"
2026-09-10 17:20:26,212 INFO HTTP Request: POST https://api.lqh.ai/v1/artifacts/register "HTTP/1.1 201 Created"
2026-09-10 17:20:26,213 INFO published logs/stderr.log -> 4da65c41-56b2-48a8-8e2e-4865a026ed61
published 8 artifacts, 0 failed
